// Jest Snapshot v1, https://goo.gl/fbAQLP

exports[`Should render EditExpensePage correctly 1`] = `
<div>
  <ExpenseForm
    expense={
      Object {
        "amount": 14,
        "createdAt": 345600000,
        "description": "Carwash",
        "id": "3",
        "note": "Washed my car today!",
      }
    }
    onSubmit={[Function]}
  />
  <button
    onClick={[Function]}
  >
    Remove
  </button>
</div>
`;
