// Jest Snapshot v1, https://goo.gl/fbAQLP

exports[`Should render ExpenseListItem from given expenses 1`] = `
<div>
  <Link
    replace={false}
    to="/edit/1"
  >
    <h3>
      Rent
    </h3>
  </Link>
  <p>
    $10.00
    -
    January 1st, 1970
  </p>
</div>
`;
